// Vitest Snapshot v1, https://vitest.dev/guide/snapshot.html

exports[`codeGenerator > correct generate file 1`] = `
"import type { TheFormData } from "@duplojs/utils";

export type Routes = {
    method: "GET";
    path: "/users";
    responses: {
        code: "200";
        information: "users.findMany";
        body: {
            id: number;
            name: string;
            age: number;
        }[];
    };
} | {
    method: "GET";
    path: "/users/{userId}";
    params: {
        userId: number;
    };
    responses: {
        code: "422";
        information: "extract-error";
        body?: undefined;
    } | {
        code: "200";
        information: "users.find";
        body: {
            id: number;
            name: string;
            age: number;
        };
    };
} | {
    method: "POST";
    path: "/users";
    body: {
        id: number;
        name: string;
        age: number;
    };
    responses: {
        code: "422";
        information: "extract-error";
        body?: undefined;
    } | {
        code: "200";
        information: "users.create";
        body: {
            id: number;
            name: string;
            age: number;
        };
    };
} | {
    method: "DELETE";
    path: "/users";
    body: {
        id: number;
    };
    responses: {
        code: "422";
        information: "extract-error";
        body?: undefined;
    } | {
        code: "204";
        information: "users.deleted";
        body?: undefined;
    };
} | {
    method: "POST";
    path: "/documents";
    body: TheFormData<{
        bool: boolean;
        myFile: [
            File
        ];
        name: string;
    }>;
    responses: {
        code: "422";
        information: "extract-error";
        body?: undefined;
    } | {
        code: "204";
        information: "file.receive";
        body?: undefined;
    };
} | {
    method: "GET";
    path: \`/documents/\${string}\`;
    responses: {
        code: "200";
        information: "file.send";
        body: File;
    };
} | {
    method: "GET";
    path: "/sse";
    query: {
        close?: boolean | undefined;
    };
    responses: {
        code: "422";
        information: "extract-error";
        body?: undefined;
    } | {
        code: "200";
        information: "super-sse";
        body?: undefined;
        events: {
            other: string;
            message: {
                test: string;
            };
        };
    } | {
        code: "204";
        information: "close";
        body?: undefined;
    };
} | {
    method: "GET";
    path: "/cookie-check";
    responses: {
        code: "422";
        information: "extract-error";
        body?: undefined;
    } | {
        code: "200";
        information: "cookie.checked";
        body: {
            session: string;
        };
    };
} | {
    method: "GET";
    path: "/cookie-drop";
    responses: {
        code: "204";
        information: "cookie.dropped";
        body?: undefined;
    };
} | {
    method: "GET";
    path: "/stream";
    query: {
        value: number;
    };
    responses: {
        code: "422";
        information: "extract-error";
        body?: undefined;
    } | {
        code: "200";
        information: "monSuperStream";
        body?: undefined;
        flux: Uint8Array<ArrayBuffer>;
    };
} | {
    method: "POST";
    path: "/stream-text";
    body: {
        value: string;
    };
    responses: {
        code: "422";
        information: "extract-error";
        body?: undefined;
    } | {
        code: "200";
        information: "monSuperStream";
        body?: undefined;
        flux: string;
    };
} | {
    method: "GET";
    path: "/static-file";
    responses: {
        code: "200";
        information: "resource.found";
        body: File;
    } | {
        code: "304";
        information: "resource.notModified";
        body?: undefined;
    };
} | {
    method: "GET";
    path: \`/static-folder/\${string}\`;
    responses: {
        code: "200";
        information: "resource.found";
        body: File;
    } | {
        code: "404";
        information: "resource.notfound";
        body?: undefined;
    } | {
        code: "304";
        information: "resource.notModified";
        body?: undefined;
    };
};"
`;
