// Vitest Snapshot v1, https://vitest.dev/guide/snapshot.html

exports[`plugin implementation > generate API type 1`] = `
"export type Digit = "0" | "1" | "2" | "3" | "4" | "5" | "6" | "7" | "8" | "9";

export type ResponseCode = \`1\${Digit}\${Digit}\` | \`2\${Digit}\${Digit}\` | \`3\${Digit}\${Digit}\` | \`4\${Digit}\${Digit}\` | \`5\${Digit}\${Digit}\`;

export type Routes = {
    method: "GET";
    path: "/user";
    body: {
        name: string;
        age: number;
    };
    headers: {
        header1: string;
        header2: string;
    };
    responses: {
        code: ResponseCode;
        information: \`from-hook-\${string}\`;
        body: unknown;
        fromHook: true;
    } | {
        code: \`5\${Digit}\${Digit}\`;
        information: string;
        body: unknown;
    } | {
        code: "422";
        information: "extract-error";
        body?: undefined;
    } | {
        code: "409";
        information: "the-conflict";
        body?: undefined;
    } | {
        code: "200";
        information: "success";
        body: string;
    };
};"
`;
