// Vitest Snapshot v1, https://vitest.dev/guide/snapshot.html

exports[`plugin implementation > generate API type 1`] = `
"import type { TheDate, SerializedTheDate, TheTime, SerializedTheTime } from "@duplojs/utils/date";

export type Routes = {
    method: "GET";
    path: "/user";
    body: {
        name: string;
        age: number;
    };
    headers: {
        header1: SerializedTheDate | TheDate;
        header2: SerializedTheTime | TheTime;
    };
    responses: {
        code: "422";
        information: "extract-error";
        body?: undefined;
    } | {
        code: "409";
        information: "the-conflict";
        body?: undefined;
    } | {
        code: "200";
        information: "success";
        body: string;
    };
};"
`;
