// Vitest Snapshot v1, https://vitest.dev/guide/snapshot.html

exports[`openApiGenerator > correct generate file 1`] = `
"{
  "openapi": "3.1.0",
  "info": {
    "title": "Swagger API",
    "version": "0.0.0"
  },
  "paths": {
    "/users": {
      "get": {
        "parameters": [],
        "responses": {
          "200": {
            "headers": {
              "information": {
                "schema": {
                  "const": "users.findMany",
                  "type": "string"
                }
              }
            },
            "content": {
              "application/json": {
                "schema": {
                  "$ref": "#/components/schemas/NotIdentified0"
                }
              }
            }
          }
        }
      },
      "post": {
        "parameters": [],
        "requestBody": {
          "required": true,
          "content": {
            "application/json": {
              "$ref": "#/components/schemas/NotIdentified3"
            }
          }
        },
        "responses": {
          "200": {
            "headers": {
              "information": {
                "schema": {
                  "const": "users.create",
                  "type": "string"
                }
              }
            },
            "content": {
              "application/json": {
                "schema": {
                  "$ref": "#/components/schemas/NotIdentified4"
                }
              }
            }
          },
          "422": {
            "headers": {
              "information": {
                "schema": {
                  "const": "extract-error",
                  "type": "string"
                }
              }
            }
          }
        }
      }
    },
    "/users/{userId}": {
      "get": {
        "parameters": [
          {
            "name": "userId",
            "in": "path",
            "required": true,
            "schema": {
              "$ref": "#/components/schemas/NotIdentified1"
            }
          }
        ],
        "responses": {
          "200": {
            "headers": {
              "information": {
                "schema": {
                  "const": "users.find",
                  "type": "string"
                }
              }
            },
            "content": {
              "application/json": {
                "schema": {
                  "$ref": "#/components/schemas/NotIdentified2"
                }
              }
            }
          },
          "422": {
            "headers": {
              "information": {
                "schema": {
                  "const": "extract-error",
                  "type": "string"
                }
              }
            }
          }
        }
      }
    }
  },
  "components": {
    "schemas": {
      "NotIdentified0": {
        "type": "array",
        "items": {
          "type": "object",
          "properties": {
            "id": {
              "type": "number"
            },
            "name": {
              "type": "string"
            },
            "age": {
              "type": "number"
            }
          },
          "required": [
            "id",
            "name",
            "age"
          ]
        }
      },
      "NotIdentified1": {
        "anyOf": [
          {
            "type": "number"
          },
          {
            "type": "string"
          }
        ]
      },
      "NotIdentified2": {
        "type": "object",
        "properties": {
          "id": {
            "type": "number"
          },
          "name": {
            "type": "string"
          },
          "age": {
            "type": "number"
          }
        },
        "required": [
          "id",
          "name",
          "age"
        ]
      },
      "NotIdentified3": {
        "type": "object",
        "properties": {
          "id": {
            "type": "number"
          },
          "name": {
            "type": "string"
          },
          "age": {
            "type": "number"
          }
        },
        "required": [
          "id",
          "name",
          "age"
        ]
      },
      "NotIdentified4": {
        "type": "object",
        "properties": {
          "id": {
            "type": "number"
          },
          "name": {
            "type": "string"
          },
          "age": {
            "type": "number"
          }
        },
        "required": [
          "id",
          "name",
          "age"
        ]
      }
    }
  }
}"
`;
