// Vitest Snapshot v1, https://vitest.dev/guide/snapshot.html

exports[`openApiGenerator > correct generate file 1`] = `
"{
  "openapi": "3.1.0",
  "info": {
    "title": "Swagger API",
    "version": "0.0.0"
  },
  "paths": {
    "/users": {
      "get": {
        "parameters": [],
        "responses": {
          "200": {
            "headers": {
              "information": {
                "schema": {
                  "const": "users.findMany",
                  "type": "string"
                },
                "description": "users.findMany"
              }
            },
            "content": {
              "application/json": {
                "schema": {
                  "$ref": "#/components/schemas/NotIdentified0"
                }
              }
            }
          }
        }
      },
      "post": {
        "parameters": [],
        "requestBody": {
          "required": true,
          "content": {
            "application/json": {
              "schema": {
                "$ref": "#/components/schemas/NotIdentified4"
              }
            }
          }
        },
        "responses": {
          "200": {
            "headers": {
              "information": {
                "schema": {
                  "const": "users.create",
                  "type": "string"
                },
                "description": "users.create"
              }
            },
            "content": {
              "application/json": {
                "schema": {
                  "$ref": "#/components/schemas/NotIdentified6"
                }
              }
            }
          },
          "422": {
            "headers": {
              "information": {
                "schema": {
                  "const": "extract-error",
                  "type": "string"
                },
                "description": "extract-error"
              }
            }
          }
        }
      }
    },
    "/users/{userId}": {
      "get": {
        "parameters": [
          {
            "name": "userId",
            "in": "path",
            "required": true,
            "schema": {
              "$ref": "#/components/schemas/NotIdentified1"
            }
          }
        ],
        "responses": {
          "200": {
            "headers": {
              "information": {
                "schema": {
                  "const": "users.find",
                  "type": "string"
                },
                "description": "users.find"
              }
            },
            "content": {
              "application/json": {
                "schema": {
                  "$ref": "#/components/schemas/NotIdentified3"
                }
              }
            }
          },
          "422": {
            "headers": {
              "information": {
                "schema": {
                  "const": "extract-error",
                  "type": "string"
                },
                "description": "extract-error"
              }
            }
          }
        }
      }
    },
    "/documents": {
      "post": {
        "parameters": [],
        "requestBody": {
          "required": true,
          "content": {
            "multipart/form-data": {
              "schema": {
                "$ref": "#/components/schemas/NotIdentified7"
              }
            }
          }
        },
        "responses": {
          "204": {
            "headers": {
              "information": {
                "schema": {
                  "const": "file.receive",
                  "type": "string"
                },
                "description": "file.receive"
              }
            }
          },
          "422": {
            "headers": {
              "information": {
                "schema": {
                  "const": "extract-error",
                  "type": "string"
                },
                "description": "extract-error"
              }
            }
          }
        }
      }
    },
    "/documents/*": {
      "get": {
        "parameters": [],
        "responses": {
          "200": {
            "headers": {
              "information": {
                "schema": {
                  "const": "file.send",
                  "type": "string"
                },
                "description": "file.send"
              }
            },
            "content": {
              "application/json": {
                "schema": {
                  "$ref": "#/components/schemas/NotIdentified10"
                }
              }
            }
          }
        }
      }
    },
    "/sse": {
      "get": {
        "parameters": [
          {
            "name": "close",
            "in": "query",
            "required": false,
            "schema": {
              "$ref": "#/components/schemas/NotIdentified11"
            }
          }
        ],
        "responses": {
          "200": {
            "headers": {
              "information": {
                "schema": {
                  "const": "super-sse",
                  "type": "string"
                },
                "description": "super-sse"
              }
            },
            "content": {
              "text/event-stream": {
                "itemSchema": {
                  "$ref": "#/components/schemas/NotIdentified13"
                }
              }
            }
          },
          "204": {
            "headers": {
              "information": {
                "schema": {
                  "const": "close",
                  "type": "string"
                },
                "description": "close"
              }
            }
          },
          "422": {
            "headers": {
              "information": {
                "schema": {
                  "const": "extract-error",
                  "type": "string"
                },
                "description": "extract-error"
              }
            }
          }
        }
      }
    },
    "/static-file": {
      "get": {
        "parameters": [],
        "responses": {
          "200": {
            "headers": {
              "information": {
                "schema": {
                  "const": "resource.found",
                  "type": "string"
                },
                "description": "resource.found"
              }
            },
            "content": {
              "application/json": {
                "schema": {
                  "$ref": "#/components/schemas/NotIdentified15"
                }
              }
            }
          },
          "304": {
            "headers": {
              "information": {
                "schema": {
                  "const": "resource.notModified",
                  "type": "string"
                },
                "description": "resource.notModified"
              }
            }
          },
          "404": {
            "headers": {
              "information": {
                "schema": {
                  "const": "resource.notfound",
                  "type": "string"
                },
                "description": "resource.notfound"
              }
            }
          }
        }
      }
    },
    "/static-folder/*": {
      "get": {
        "parameters": [],
        "responses": {
          "200": {
            "headers": {
              "information": {
                "schema": {
                  "const": "resource.found",
                  "type": "string"
                },
                "description": "resource.found"
              }
            },
            "content": {
              "application/json": {
                "schema": {
                  "$ref": "#/components/schemas/NotIdentified18"
                }
              }
            }
          },
          "304": {
            "headers": {
              "information": {
                "schema": {
                  "const": "resource.notModified",
                  "type": "string"
                },
                "description": "resource.notModified"
              }
            }
          },
          "404": {
            "headers": {
              "information": {
                "schema": {
                  "const": "resource.notfound",
                  "type": "string"
                },
                "description": "resource.notfound"
              }
            }
          }
        }
      }
    }
  },
  "components": {
    "schemas": {
      "NotIdentified0": {
        "type": "array",
        "items": {
          "type": "object",
          "properties": {
            "id": {
              "type": "number"
            },
            "name": {
              "type": "string"
            },
            "age": {
              "type": "number"
            }
          },
          "required": [
            "id",
            "name",
            "age"
          ]
        }
      },
      "NotIdentified1": {
        "anyOf": [
          {
            "type": "number"
          },
          {
            "type": "string"
          }
        ]
      },
      "NotIdentified2": {},
      "NotIdentified3": {
        "type": "object",
        "properties": {
          "id": {
            "type": "number"
          },
          "name": {
            "type": "string"
          },
          "age": {
            "type": "number"
          }
        },
        "required": [
          "id",
          "name",
          "age"
        ]
      },
      "NotIdentified4": {
        "type": "object",
        "properties": {
          "id": {
            "type": "number"
          },
          "name": {
            "type": "string"
          },
          "age": {
            "type": "number"
          }
        },
        "required": [
          "id",
          "name",
          "age"
        ]
      },
      "NotIdentified5": {},
      "NotIdentified6": {
        "type": "object",
        "properties": {
          "id": {
            "type": "number"
          },
          "name": {
            "type": "string"
          },
          "age": {
            "type": "number"
          }
        },
        "required": [
          "id",
          "name",
          "age"
        ]
      },
      "NotIdentified7": {
        "type": "object",
        "properties": {
          "bool": {
            "anyOf": [
              {
                "type": "boolean"
              },
              {
                "type": "string",
                "enum": [
                  "true",
                  "false",
                  "0",
                  "1"
                ]
              },
              {
                "type": "number",
                "enum": [
                  0,
                  1
                ]
              }
            ]
          },
          "myFile": {
            "type": "array",
            "items": [
              {
                "type": "string",
                "format": "binary"
              }
            ],
            "minItems": 1,
            "additionalItems": false,
            "maxItems": 1
          },
          "name": {
            "type": "string"
          }
        },
        "required": [
          "bool",
          "myFile",
          "name"
        ]
      },
      "NotIdentified8": {},
      "NotIdentified9": {},
      "NotIdentified10": {
        "type": "string",
        "format": "binary"
      },
      "NotIdentified11": {
        "anyOf": [
          {
            "type": "boolean"
          },
          {
            "type": "string",
            "enum": [
              "true",
              "false",
              "0",
              "1"
            ]
          },
          {
            "type": "number",
            "enum": [
              0,
              1
            ]
          }
        ]
      },
      "NotIdentified12": {},
      "NotIdentified13": {
        "type": "object",
        "properties": {
          "event": {
            "anyOf": [
              {
                "const": "other",
                "type": "string"
              },
              {
                "const": "message",
                "type": "string"
              }
            ]
          },
          "data": {
            "anyOf": [
              {
                "type": "string"
              },
              {
                "type": "object",
                "properties": {
                  "test": {
                    "type": "string"
                  }
                },
                "required": [
                  "test"
                ]
              }
            ]
          },
          "id": {
            "type": "string"
          },
          "retry": {
            "type": "number"
          }
        },
        "required": [
          "event",
          "data"
        ]
      },
      "NotIdentified14": {},
      "NotIdentified15": {
        "type": "string",
        "format": "binary"
      },
      "NotIdentified16": {},
      "NotIdentified17": {},
      "NotIdentified18": {
        "type": "string",
        "format": "binary"
      },
      "NotIdentified19": {},
      "NotIdentified20": {}
    }
  }
}"
`;
